
==> JoularCode Java agent already present: joularcodejava-0.0.1-alpha-4.jar

==> Cleaning previous run artifacts...

==> Building spring-petclinic (skipped if JAR already exists)...

==> Reusing existing JAR: spring-petclinic-4.0.0-SNAPSHOT.jar

==> JAR: /c/Users/patbaumgartner/presentation-green-coding-with-spring-boot/demos/03-joularcode-java/../spring-petclinic/target/spring-petclinic-4.0.0-SNAPSHOT.jar

==> Ring-buffer path overridden for Windows: Local\JoularCoreRing

==> Starting JoularCore in ring-buffer mode (power source for the agent)...

==> JoularCore PID: 33565 (calibrating idle baseline for 6 s...)
[1;33m→ Calibrating CPU idle baseline over 5 seconds. Keep the machine idle.[0m
[1;32m✓ Calibrated CPU idle baseline: 8.70 W[0m
[1;32m✓ Monitoring application: java[0m
[1;33mJoular Core 0.1.0[0m
[1;36m💻 Platform:[0m [32mWindows 11 (26200)[0m

==> Starting Spring PetClinic with JoularCode Java agent...

==> PetClinic PID: 33567
[1;33mJoular Code - Java: version 0.0.1[0m
26-05-2026 07:22:54 INFO: Initializing Joular Code Java...
26-05-2026 07:22:54 INFO: Selecting power source type: ringbuffer
26-05-2026 07:22:54 INFO: Warming up OS bean...
26-05-2026 07:22:56 INFO: Monitoring loop started.
26-05-2026 07:22:56 INFO: Initializing ring buffer source: Local\JoularCoreRing
WARNING: A restricted method in java.lang.System has been called
WARNING: java.lang.System::load has been called by com.sun.jna.Native in an unnamed module (file:/C:/Users/patbaumgartner/presentation-green-coding-with-spring-boot/demos/03-joularcode-java/joularcodejava-0.0.1-alpha-4.jar)
WARNING: Use --enable-native-access=ALL-UNNAMED to avoid a warning for callers in this module
WARNING: Restricted methods will be blocked in a future release unless native access is enabled

26-05-2026 07:22:56 INFO: Joular Code Java started successfully.


              |\      _,,,--,,_
             /,`.-'`'   ._  \-;;,_
  _______ __|,4-  ) )_   .;.(__`'-'__     ___ __    _ ___ _______
 |       | '---''(_/._)-'(_\_)   |   |   |   |  |  | |   |       |
 |    _  |    ___|_     _|       |   |   |   |   |_| |   |       | __ _ _
 |   |_| |   |___  |   | |       |   |   |   |       |   |       | \ \ \ \
 |    ___|    ___| |   | |      _|   |___|   |  _    |   |      _|  \ \ \ \
 |   |   |   |___  |   | |     |_|       |   | | |   |   |     |_    ) ) ) )
 |___|   |_______| |___| |_______|_______|___|_|  |__|___|_______|  / / / /
 ==================================================================/_/_/_/

:: Built with Spring Boot :: 4.0.3


2026-05-26T07:22:58.340+01:00  INFO 35940 --- [           main] o.s.s.petclinic.PetClinicApplication     : Starting PetClinicApplication v4.0.0-SNAPSHOT using Java 25.0.3 with PID 35940 (C:\Users\patbaumgartner\presentation-green-coding-with-spring-boot\demos\spring-petclinic\target\spring-petclinic-4.0.0-SNAPSHOT.jar started by patbaumgartner in C:\Users\patbaumgartner\presentation-green-coding-with-spring-boot\demos\03-joularcode-java)
2026-05-26T07:22:58.371+01:00  INFO 35940 --- [           main] o.s.s.petclinic.PetClinicApplication     : No active profile set, falling back to 1 default profile: "default"
2026-05-26T07:23:02.873+01:00  INFO 35940 --- [           main] .s.d.r.c.RepositoryConfigurationDelegate : Bootstrapping Spring Data JPA repositories in DEFAULT mode.
2026-05-26T07:23:03.043+01:00  INFO 35940 --- [           main] .s.d.r.c.RepositoryConfigurationDelegate : Finished Spring Data repository scanning in 141 ms. Found 3 JPA repository interfaces.
2026-05-26T07:23:05.679+01:00  INFO 35940 --- [           main] o.s.boot.tomcat.TomcatWebServer          : Tomcat initialized with port 0 (http)
2026-05-26T07:23:05.937+01:00  INFO 35940 --- [           main] o.apache.catalina.core.StandardService   : Starting service [Tomcat]
2026-05-26T07:23:05.955+01:00  INFO 35940 --- [           main] o.apache.catalina.core.StandardEngine    : Starting Servlet engine: [Apache Tomcat/11.0.18]
2026-05-26T07:23:06.494+01:00  INFO 35940 --- [           main] b.w.c.s.WebApplicationContextInitializer : Root WebApplicationContext: initialization completed in 7968 ms
2026-05-26T07:23:07.472+01:00  INFO 35940 --- [           main] com.zaxxer.hikari.HikariDataSource       : HikariPool-1 - Starting...
2026-05-26T07:23:08.035+01:00  INFO 35940 --- [           main] com.zaxxer.hikari.pool.HikariPool        : HikariPool-1 - Added connection conn0: url=jdbc:h2:mem:295e00c7-40be-4994-8e91-35813c2374a8 user=SA
2026-05-26T07:23:08.038+01:00  INFO 35940 --- [           main] com.zaxxer.hikari.HikariDataSource       : HikariPool-1 - Start completed.
2026-05-26T07:23:08.694+01:00  INFO 35940 --- [           main] org.hibernate.orm.jpa                    : HHH008540: Processing PersistenceUnitInfo [name: default]
2026-05-26T07:23:08.914+01:00  INFO 35940 --- [           main] org.hibernate.orm.core                   : HHH000001: Hibernate ORM core version 7.2.4.Final
2026-05-26T07:23:10.365+01:00  INFO 35940 --- [           main] o.s.o.j.p.SpringPersistenceUnitInfo      : No LoadTimeWeaver setup: ignoring JPA class transformer
2026-05-26T07:23:10.621+01:00  INFO 35940 --- [           main] org.hibernate.orm.connections.pooling    : HHH10001005: Database info:
	Database JDBC URL [jdbc:h2:mem:295e00c7-40be-4994-8e91-35813c2374a8]
	Database driver: H2 JDBC Driver
	Database dialect: H2Dialect
	Database version: 2.4.240
	Default catalog/schema: 295E00C7-40BE-4994-8E91-35813C2374A8/PUBLIC
	Autocommit mode: undefined/unknown
	Isolation level: READ_COMMITTED [default READ_COMMITTED]
	JDBC fetch size: 100
	Pool: DataSourceConnectionProvider
	Minimum pool size: undefined/unknown
	Maximum pool size: undefined/unknown
2026-05-26T07:23:13.766+01:00  INFO 35940 --- [           main] org.hibernate.orm.core                   : HHH000489: No JTA platform available (set 'hibernate.transaction.jta.platform' to enable JTA platform integration)
2026-05-26T07:23:13.781+01:00  INFO 35940 --- [           main] j.LocalContainerEntityManagerFactoryBean : Initialized JPA EntityManagerFactory for persistence unit 'default'
2026-05-26T07:23:14.241+01:00  INFO 35940 --- [           main] o.s.d.j.r.query.QueryEnhancerFactories   : Hibernate is in classpath; If applicable, HQL parser will be used.

==> PetClinic listening on port 49673
    Waiting for health check ready

==> Running Gatling load test (60 s, 10 concurrent users)...
> request count                                                                      |     2,247 |     2,247 |         -
> mean response time (ms)                                                            |        31 |        31 |         -
> mean throughput (rps)                                                              |     32.57 |     32.57 |         -

==> Load test complete.

==> Shutting down PetClinic and JoularCore...

══════════════════════════════════════════════════════════════════════
 JoularCode Java — top 10 call branches by cumulative energy (J)
══════════════════════════════════════════════════════════════════════

energy_J  branch
72.1639   org.springframework.samples.petclinic.PetClinicApplication.main
6.46683   org.springframework.samples.petclinic.owner.PetTypeFormatter.parse;org.springframework.samples.petclinic.owner.PetTypeFormatter.parse
5.45094   org.springframework.samples.petclinic.owner.OwnerController.processFindForm;org.springframework.samples.petclinic.owner.OwnerController.findPaginatedForOwnersLastName
3.61354   org.springframework.samples.petclinic.owner.OwnerController.showOwner
3.0589    org.springframework.samples.petclinic.owner.VisitController.processNewVisitForm
2.80264   org.springframework.samples.petclinic.owner.OwnerController.findOwner
2.29923   org.springframework.samples.petclinic.vet.VetController.showVetList;org.springframework.samples.petclinic.vet.VetController.findPaginated
1.70913   org.springframework.samples.petclinic.owner.PetController.processCreationForm
0.972983  org.springframework.samples.petclinic.owner.PetController.findOwner
0.944408  org.springframework.samples.petclinic.owner.VisitController.loadPetWithVisit
